2026-02-09 10:53:14,026 | ERROR | root | Command failed
Traceback (most recent call last):
  File "C:\Users\303379\Desktop\job_matcher\candidate_ranker\main.py", line 84, in main
    from .job_processor import add_job
  File "C:\Users\303379\Desktop\job_matcher\candidate_ranker\job_processor.py", line 8, in <module>
    from .utils import llm_jd_extract
ImportError: cannot import name 'llm_jd_extract' from 'candidate_ranker.utils' (C:\Users\303379\Desktop\job_matcher\candidate_ranker\utils.py)
2026-02-09 10:53:38,686 | ERROR | candidate_ranker.utils | LLM call failed
Traceback (most recent call last):
  File "C:\Users\303379\AppData\Local\Packages\PythonSoftwareFoundation.Python.3.13_qbz5n2kfra8p0\LocalCache\local-packages\Python313\site-packages\urllib3\connectionpool.py", line 716, in urlopen
    httplib_response = self._make_request(
        conn,
    ...<5 lines>...
        chunked=chunked,
    )
  File "C:\Users\303379\AppData\Local\Packages\PythonSoftwareFoundation.Python.3.13_qbz5n2kfra8p0\LocalCache\local-packages\Python313\site-packages\urllib3\connectionpool.py", line 404, in _make_request
    self._validate_conn(conn)
    ~~~~~~~~~~~~~~~~~~~^^^^^^
  File "C:\Users\303379\AppData\Local\Packages\PythonSoftwareFoundation.Python.3.13_qbz5n2kfra8p0\LocalCache\local-packages\Python313\site-packages\urllib3\connectionpool.py", line 1061, in _validate_conn
    conn.connect()
    ~~~~~~~~~~~~^^
  File "C:\Users\303379\AppData\Local\Packages\PythonSoftwareFoundation.Python.3.13_qbz5n2kfra8p0\LocalCache\local-packages\Python313\site-packages\urllib3\connection.py", line 419, in connect
    self.sock = ssl_wrap_socket(
                ~~~~~~~~~~~~~~~^
        sock=conn,
        ^^^^^^^^^^
    ...<8 lines>...
        tls_in_tls=tls_in_tls,
        ^^^^^^^^^^^^^^^^^^^^^^
    )
    ^
  File "C:\Users\303379\AppData\Local\Packages\PythonSoftwareFoundation.Python.3.13_qbz5n2kfra8p0\LocalCache\local-packages\Python313\site-packages\urllib3\util\ssl_.py", line 458, in ssl_wrap_socket
    ssl_sock = _ssl_wrap_socket_impl(
        sock, context, tls_in_tls, server_hostname=server_hostname
    )
  File "C:\Users\303379\AppData\Local\Packages\PythonSoftwareFoundation.Python.3.13_qbz5n2kfra8p0\LocalCache\local-packages\Python313\site-packages\urllib3\util\ssl_.py", line 502, in _ssl_wrap_socket_impl
    return ssl_context.wrap_socket(sock, server_hostname=server_hostname)
           ~~~~~~~~~~~~~~~~~~~~~~~^^^^^^^^^^^^^^^^^^^^^^^^^^^^^^^^^^^^^^^
  File "C:\Program Files\WindowsApps\PythonSoftwareFoundation.Python.3.13_3.13.3312.0_x64__qbz5n2kfra8p0\Lib\ssl.py", line 455, in wrap_socket
    return self.sslsocket_class._create(
           ~~~~~~~~~~~~~~~~~~~~~~~~~~~~^
        sock=sock,
        ^^^^^^^^^^
    ...<5 lines>...
        session=session
        ^^^^^^^^^^^^^^^
    )
    ^
  File "C:\Program Files\WindowsApps\PythonSoftwareFoundation.Python.3.13_3.13.3312.0_x64__qbz5n2kfra8p0\Lib\ssl.py", line 1076, in _create
    self.do_handshake()
    ~~~~~~~~~~~~~~~~~^^
  File "C:\Program Files\WindowsApps\PythonSoftwareFoundation.Python.3.13_3.13.3312.0_x64__qbz5n2kfra8p0\Lib\ssl.py", line 1372, in do_handshake
    self._sslobj.do_handshake()
    ~~~~~~~~~~~~~~~~~~~~~~~~~^^
ssl.SSLCertVerificationError: [SSL: CERTIFICATE_VERIFY_FAILED] certificate verify failed: unable to get local issuer certificate (_ssl.c:1032)

During handling of the above exception, another exception occurred:

Traceback (most recent call last):
  File "C:\Users\303379\AppData\Local\Packages\PythonSoftwareFoundation.Python.3.13_qbz5n2kfra8p0\LocalCache\local-packages\Python313\site-packages\requests\adapters.py", line 644, in send
    resp = conn.urlopen(
        method=request.method,
    ...<9 lines>...
        chunked=chunked,
    )
  File "C:\Users\303379\AppData\Local\Packages\PythonSoftwareFoundation.Python.3.13_qbz5n2kfra8p0\LocalCache\local-packages\Python313\site-packages\urllib3\connectionpool.py", line 802, in urlopen
    retries = retries.increment(
        method, url, error=e, _pool=self, _stacktrace=sys.exc_info()[2]
    )
  File "C:\Users\303379\AppData\Local\Packages\PythonSoftwareFoundation.Python.3.13_qbz5n2kfra8p0\LocalCache\local-packages\Python313\site-packages\urllib3\util\retry.py", line 594, in increment
    raise MaxRetryError(_pool, url, error or ResponseError(cause))
urllib3.exceptions.MaxRetryError: HTTPSConnectionPool(host='gpt4all.io', port=443): Max retries exceeded with url: /models/models3.json (Caused by SSLError(SSLCertVerificationError(1, '[SSL: CERTIFICATE_VERIFY_FAILED] certificate verify failed: unable to get local issuer certificate (_ssl.c:1032)')))

During handling of the above exception, another exception occurred:

Traceback (most recent call last):
  File "C:\Users\303379\Desktop\job_matcher\candidate_ranker\utils.py", line 83, in call_llm_with_cache
    llm = get_llm()
  File "C:\Users\303379\Desktop\job_matcher\candidate_ranker\utils.py", line 33, in get_llm
    _llm_instance = GPT4All(model_name=LLM_MODEL_PATH)
  File "C:\Users\303379\AppData\Local\Packages\PythonSoftwareFoundation.Python.3.13_qbz5n2kfra8p0\LocalCache\local-packages\Python313\site-packages\gpt4all\gpt4all.py", line 235, in __init__
    self.config: ConfigType = self.retrieve_model(model_name, model_path=model_path, allow_download=allow_download, verbose=verbose)
                              ~~~~~~~~~~~~~~~~~~~^^^^^^^^^^^^^^^^^^^^^^^^^^^^^^^^^^^^^^^^^^^^^^^^^^^^^^^^^^^^^^^^^^^^^^^^^^^^^^^^^^^
  File "C:\Users\303379\AppData\Local\Packages\PythonSoftwareFoundation.Python.3.13_qbz5n2kfra8p0\LocalCache\local-packages\Python313\site-packages\gpt4all\gpt4all.py", line 310, in retrieve_model
    available_models = cls.list_models()
  File "C:\Users\303379\AppData\Local\Packages\PythonSoftwareFoundation.Python.3.13_qbz5n2kfra8p0\LocalCache\local-packages\Python313\site-packages\gpt4all\gpt4all.py", line 278, in list_models
    resp = requests.get("https://gpt4all.io/models/models3.json")
  File "C:\Users\303379\AppData\Local\Packages\PythonSoftwareFoundation.Python.3.13_qbz5n2kfra8p0\LocalCache\local-packages\Python313\site-packages\requests\api.py", line 73, in get
    return request("get", url, params=params, **kwargs)
  File "C:\Users\303379\AppData\Local\Packages\PythonSoftwareFoundation.Python.3.13_qbz5n2kfra8p0\LocalCache\local-packages\Python313\site-packages\requests\api.py", line 59, in request
    return session.request(method=method, url=url, **kwargs)
           ~~~~~~~~~~~~~~~^^^^^^^^^^^^^^^^^^^^^^^^^^^^^^^^^^
  File "C:\Users\303379\AppData\Local\Packages\PythonSoftwareFoundation.Python.3.13_qbz5n2kfra8p0\LocalCache\local-packages\Python313\site-packages\requests\sessions.py", line 589, in request
    resp = self.send(prep, **send_kwargs)
  File "C:\Users\303379\AppData\Local\Packages\PythonSoftwareFoundation.Python.3.13_qbz5n2kfra8p0\LocalCache\local-packages\Python313\site-packages\requests\sessions.py", line 703, in send
    r = adapter.send(request, **kwargs)
  File "C:\Users\303379\AppData\Local\Packages\PythonSoftwareFoundation.Python.3.13_qbz5n2kfra8p0\LocalCache\local-packages\Python313\site-packages\requests\adapters.py", line 675, in send
    raise SSLError(e, request=request)
requests.exceptions.SSLError: HTTPSConnectionPool(host='gpt4all.io', port=443): Max retries exceeded with url: /models/models3.json (Caused by SSLError(SSLCertVerificationError(1, '[SSL: CERTIFICATE_VERIFY_FAILED] certificate verify failed: unable to get local issuer certificate (_ssl.c:1032)')))
2026-02-09 10:53:38,701 | ERROR | root | Command failed
Traceback (most recent call last):
  File "C:\Users\303379\Desktop\job_matcher\candidate_ranker\main.py", line 86, in main
    add_job(args.id, Path(args.file))
    ~~~~~~~^^^^^^^^^^^^^^^^^^^^^^^^^^
  File "C:\Users\303379\Desktop\job_matcher\candidate_ranker\job_processor.py", line 105, in add_job
    raise RuntimeError("LLM failed to extract JD")
RuntimeError: LLM failed to extract JD
2026-02-09 10:54:12,484 | WARNING | candidate_ranker.utils | Real LLM failed, falling back to simulated LLM: HTTPSConnectionPool(host='gpt4all.io', port=443): Max retries exceeded with url: /models/models3.json (Caused by SSLError(SSLCertVerificationError(1, '[SSL: CERTIFICATE_VERIFY_FAILED] certificate verify failed: unable to get local issuer certificate (_ssl.c:1032)')))
2026-02-09 10:54:14,066 | INFO | candidate_ranker.job_processor | Inserted job JDTEST into DB
2026-02-09 16:14:54,853 | INFO | candidate_ranker.extractor | Inserted candidate sim-85993817 into DB
2026-02-09 16:16:00,616 | INFO | candidate_ranker.job_processor | Inserted job JDTEST into DB
2026-02-09 16:16:27,790 | INFO | sentence_transformers.SentenceTransformer | Use pytorch device_name: cpu
2026-02-09 16:16:27,791 | INFO | sentence_transformers.SentenceTransformer | Load pretrained SentenceTransformer: all-MiniLM-L6-v2
2026-02-09 16:16:28,472 | WARNING | huggingface_hub.utils._http | '[SSL: CERTIFICATE_VERIFY_FAILED] certificate verify failed: unable to get local issuer certificate (_ssl.c:1032)' thrown while requesting HEAD https://huggingface.co/sentence-transformers/all-MiniLM-L6-v2/resolve/main/./modules.json
2026-02-09 16:16:28,473 | WARNING | huggingface_hub.utils._http | Retrying in 1s [Retry 1/5].
2026-02-09 16:16:29,474 | WARNING | sentence_transformers.SentenceTransformer | No sentence-transformers model found with name sentence-transformers/all-MiniLM-L6-v2. Creating a new one with mean pooling.
2026-02-09 16:16:30,067 | WARNING | huggingface_hub.utils._http | '[SSL: CERTIFICATE_VERIFY_FAILED] certificate verify failed: unable to get local issuer certificate (_ssl.c:1032)' thrown while requesting HEAD https://huggingface.co/sentence-transformers/all-MiniLM-L6-v2/resolve/main/adapter_config.json
2026-02-09 16:16:30,068 | WARNING | huggingface_hub.utils._http | Retrying in 1s [Retry 1/5].
